rbac 2026-08-24T03:02:25.964Z http://localhost:5000
NIP contoh (diturunkan dari direktori): 198411242010121003

OK   Super Admin     /                                  prd=boleh nyata=terbaca
OK   Super Admin     /talenta                           prd=boleh nyata=terbaca
OK   Super Admin     /talenta/198411242010121003        prd=boleh nyata=terbaca
OK   Super Admin     /peta-talenta                      prd=boleh nyata=terbaca
OK   Super Admin     /bandingkan                        prd=boleh nyata=terbaca
OK   Super Admin     /jabatan-target                    prd=boleh nyata=terbaca
OK   Super Admin     /jabatan-target/1                  prd=boleh nyata=terbaca
OK   Super Admin     /jabatan-target/1/simulasi         prd=boleh nyata=terbaca
OK   Super Admin     /jabatan-target/1/kandidat         prd=boleh nyata=terbaca
OK   Super Admin     /master/unit                       prd=boleh nyata=terbaca
OK   Super Admin     /master/jabatan                    prd=boleh nyata=terbaca
OK   Super Admin     /master/hukuman-disiplin           prd=boleh nyata=terbaca
OK   Super Admin     /talent-pool                       prd=boleh nyata=terbaca
OK   Super Admin     /nominasi                          prd=boleh nyata=terbaca
OK   Super Admin     /rencana-pengembangan              prd=boleh nyata=terbaca
OK   Super Admin     /inbox                             prd=boleh nyata=terbaca
OK   Super Admin     /profil                            prd=boleh nyata=terbaca
OK   Super Admin     /data/konsolidasi                  prd=boleh nyata=terbaca
OK   Super Admin     /data/pembersihan                  prd=boleh nyata=terbaca
OK   Super Admin     /data/kelengkapan                  prd=boleh nyata=terbaca
OK   Super Admin     /admin/pengguna                    prd=boleh nyata=terbaca
OK   Super Admin     /admin/audit-log                   prd=boleh nyata=terbaca
OK   Super Admin     /admin/pengaturan                  prd=boleh nyata=terbaca
OK   Admin Talenta   /                                  prd=boleh nyata=terbaca
OK   Admin Talenta   /talenta                           prd=boleh nyata=terbaca
OK   Admin Talenta   /talenta/198411242010121003        prd=boleh nyata=terbaca
OK   Admin Talenta   /peta-talenta                      prd=boleh nyata=terbaca
OK   Admin Talenta   /bandingkan                        prd=boleh nyata=terbaca
OK   Admin Talenta   /jabatan-target                    prd=boleh nyata=terbaca
OK   Admin Talenta   /jabatan-target/1                  prd=boleh nyata=terbaca
OK   Admin Talenta   /jabatan-target/1/simulasi         prd=boleh nyata=terbaca
OK   Admin Talenta   /jabatan-target/1/kandidat         prd=boleh nyata=terbaca
LEBIH  Admin Talenta   /master/unit                       prd=tolak nyata=terbaca
OK   Admin Talenta   /master/jabatan                    prd=boleh nyata=terbaca
OK   Admin Talenta   /master/hukuman-disiplin           prd=boleh nyata=terbaca
OK   Admin Talenta   /talent-pool                       prd=boleh nyata=terbaca
OK   Admin Talenta   /nominasi                          prd=boleh nyata=terbaca
OK   Admin Talenta   /rencana-pengembangan              prd=boleh nyata=terbaca
OK   Admin Talenta   /inbox                             prd=boleh nyata=terbaca
OK   Admin Talenta   /profil                            prd=boleh nyata=terbaca
LEBIH  Admin Talenta   /data/konsolidasi                  prd=tolak nyata=terbaca
OK   Admin Talenta   /data/pembersihan                  prd=boleh nyata=terbaca
OK   Admin Talenta   /data/kelengkapan                  prd=boleh nyata=terbaca
OK   Admin Talenta   /admin/pengguna                    prd=tolak nyata=ditolak
OK   Admin Talenta   /admin/audit-log                   prd=tolak nyata=ditolak
OK   Admin Talenta   /admin/pengaturan                  prd=tolak nyata=ditolak
OK   Pengelola Unit  /                                  prd=boleh nyata=terbaca
OK   Pengelola Unit  /talenta                           prd=boleh nyata=terbaca
OK   Pengelola Unit  /talenta/198411242010121003        prd=boleh nyata=terbaca
LEBIH  Pengelola Unit  /peta-talenta                      prd=tolak nyata=terbaca
OK   Pengelola Unit  /bandingkan                        prd=tolak nyata=ditolak
LEBIH  Pengelola Unit  /jabatan-target                    prd=tolak nyata=terbaca
LEBIH  Pengelola Unit  /jabatan-target/1                  prd=tolak nyata=terbaca
LEBIH  Pengelola Unit  /jabatan-target/1/simulasi         prd=tolak nyata=terbaca
LEBIH  Pengelola Unit  /jabatan-target/1/kandidat         prd=tolak nyata=terbaca
LEBIH  Pengelola Unit  /master/unit                       prd=tolak nyata=terbaca
LEBIH  Pengelola Unit  /master/jabatan                    prd=tolak nyata=terbaca
OK   Pengelola Unit  /master/hukuman-disiplin           prd=tolak nyata=ditolak
OK   Pengelola Unit  /talent-pool                       prd=boleh nyata=terbaca
OK   Pengelola Unit  /nominasi                          prd=boleh nyata=terbaca
LEBIH  Pengelola Unit  /rencana-pengembangan              prd=tolak nyata=terbaca
OK   Pengelola Unit  /inbox                             prd=boleh nyata=terbaca
OK   Pengelola Unit  /profil                            prd=boleh nyata=terbaca
LEBIH  Pengelola Unit  /data/konsolidasi                  prd=tolak nyata=terbaca
LEBIH  Pengelola Unit  /data/pembersihan                  prd=tolak nyata=terbaca
LEBIH  Pengelola Unit  /data/kelengkapan                  prd=tolak nyata=terbaca
OK   Pengelola Unit  /admin/pengguna                    prd=tolak nyata=ditolak
OK   Pengelola Unit  /admin/audit-log                   prd=tolak nyata=ditolak
OK   Pengelola Unit  /admin/pengaturan                  prd=tolak nyata=ditolak
OK   Pimpinan        /                                  prd=boleh nyata=terbaca
OK   Pimpinan        /talenta                           prd=boleh nyata=terbaca
OK   Pimpinan        /talenta/198411242010121003        prd=boleh nyata=terbaca
OK   Pimpinan        /peta-talenta                      prd=boleh nyata=terbaca
OK   Pimpinan        /bandingkan                        prd=boleh nyata=terbaca
LEBIH  Pimpinan        /jabatan-target                    prd=tolak nyata=terbaca
LEBIH  Pimpinan        /jabatan-target/1                  prd=tolak nyata=terbaca
LEBIH  Pimpinan        /jabatan-target/1/simulasi         prd=tolak nyata=terbaca
OK   Pimpinan        /jabatan-target/1/kandidat         prd=boleh nyata=terbaca
LEBIH  Pimpinan        /master/unit                       prd=tolak nyata=terbaca
LEBIH  Pimpinan        /master/jabatan                    prd=tolak nyata=terbaca
OK   Pimpinan        /master/hukuman-disiplin           prd=tolak nyata=ditolak
OK   Pimpinan        /talent-pool                       prd=boleh nyata=terbaca
OK   Pimpinan        /nominasi                          prd=boleh nyata=terbaca
OK   Pimpinan        /rencana-pengembangan              prd=boleh nyata=terbaca
OK   Pimpinan        /inbox                             prd=boleh nyata=terbaca
OK   Pimpinan        /profil                            prd=boleh nyata=terbaca
LEBIH  Pimpinan        /data/konsolidasi                  prd=tolak nyata=terbaca
LEBIH  Pimpinan        /data/pembersihan                  prd=tolak nyata=terbaca
OK   Pimpinan        /data/kelengkapan                  prd=boleh nyata=terbaca
OK   Pimpinan        /admin/pengguna                    prd=tolak nyata=ditolak
OK   Pimpinan        /admin/audit-log                   prd=tolak nyata=ditolak
OK   Pimpinan        /admin/pengaturan                  prd=tolak nyata=ditolak
OK   Viewer          /                                  prd=boleh nyata=terbaca
OK   Viewer          /talenta                           prd=boleh nyata=terbaca
OK   Viewer          /talenta/198411242010121003        prd=boleh nyata=terbaca
OK   Viewer          /peta-talenta                      prd=boleh nyata=terbaca
OK   Viewer          /bandingkan                        prd=tolak nyata=ditolak
LEBIH  Viewer          /jabatan-target                    prd=tolak nyata=terbaca
LEBIH  Viewer          /jabatan-target/1                  prd=tolak nyata=terbaca
LEBIH  Viewer          /jabatan-target/1/simulasi         prd=tolak nyata=terbaca
LEBIH  Viewer          /jabatan-target/1/kandidat         prd=tolak nyata=terbaca
LEBIH  Viewer          /master/unit                       prd=tolak nyata=terbaca
LEBIH  Viewer          /master/jabatan                    prd=tolak nyata=terbaca
OK   Viewer          /master/hukuman-disiplin           prd=tolak nyata=ditolak
LEBIH  Viewer          /talent-pool                       prd=tolak nyata=terbaca
LEBIH  Viewer          /nominasi                          prd=tolak nyata=terbaca
LEBIH  Viewer          /rencana-pengembangan              prd=tolak nyata=terbaca
OK   Viewer          /inbox                             prd=boleh nyata=terbaca
OK   Viewer          /profil                            prd=boleh nyata=terbaca
LEBIH  Viewer          /data/konsolidasi                  prd=tolak nyata=terbaca
LEBIH  Viewer          /data/pembersihan                  prd=tolak nyata=terbaca
LEBIH  Viewer          /data/kelengkapan                  prd=tolak nyata=terbaca
OK   Viewer          /admin/pengguna                    prd=tolak nyata=ditolak
OK   Viewer          /admin/audit-log                   prd=tolak nyata=ditolak
OK   Viewer          /admin/pengaturan                  prd=tolak nyata=ditolak

============ SELISIH TERHADAP PRD §6 ============
LEBIH Admin Talenta → /master/unit  (PRD §6.4: TIDAK terdaftar; kenyataan: bisa baca)
LEBIH Admin Talenta → /data/konsolidasi  (PRD §6.7: TIDAK terdaftar; kenyataan: bisa baca)
LEBIH Pengelola Unit → /peta-talenta  (PRD §6.3 — tanpa Pengelola Unit: TIDAK terdaftar; kenyataan: bisa baca)
LEBIH Pengelola Unit → /jabatan-target  (PRD §6.5 Daftar Jabatan Target: TIDAK terdaftar; kenyataan: bisa baca)
LEBIH Pengelola Unit → /jabatan-target/1  (PRD §6.5 Editor: TIDAK terdaftar; kenyataan: bisa baca)
LEBIH Pengelola Unit → /jabatan-target/1/simulasi  (PRD §6.5 Simulasi & Diff: TIDAK terdaftar; kenyataan: bisa baca)
LEBIH Pengelola Unit → /jabatan-target/1/kandidat  (PRD §6.5 Kandidat: TIDAK terdaftar; kenyataan: bisa baca)
LEBIH Pengelola Unit → /master/unit  (PRD §6.4: TIDAK terdaftar; kenyataan: bisa baca)
LEBIH Pengelola Unit → /master/jabatan  (PRD §6.4: TIDAK terdaftar; kenyataan: bisa baca)
LEBIH Pengelola Unit → /rencana-pengembangan  (PRD §6.6: TIDAK terdaftar; kenyataan: bisa baca)
LEBIH Pengelola Unit → /data/konsolidasi  (PRD §6.7: TIDAK terdaftar; kenyataan: bisa baca)
LEBIH Pengelola Unit → /data/pembersihan  (PRD §6.7: TIDAK terdaftar; kenyataan: bisa baca)
LEBIH Pengelola Unit → /data/kelengkapan  (PRD §6.7: TIDAK terdaftar; kenyataan: bisa baca)
LEBIH Pimpinan → /jabatan-target  (PRD §6.5 Daftar Jabatan Target: TIDAK terdaftar; kenyataan: bisa baca)
LEBIH Pimpinan → /jabatan-target/1  (PRD §6.5 Editor: TIDAK terdaftar; kenyataan: bisa baca)
LEBIH Pimpinan → /jabatan-target/1/simulasi  (PRD §6.5 Simulasi & Diff: TIDAK terdaftar; kenyataan: bisa baca)
LEBIH Pimpinan → /master/unit  (PRD §6.4: TIDAK terdaftar; kenyataan: bisa baca)
LEBIH Pimpinan → /master/jabatan  (PRD §6.4: TIDAK terdaftar; kenyataan: bisa baca)
LEBIH Pimpinan → /data/konsolidasi  (PRD §6.7: TIDAK terdaftar; kenyataan: bisa baca)
LEBIH Pimpinan → /data/pembersihan  (PRD §6.7: TIDAK terdaftar; kenyataan: bisa baca)
LEBIH Viewer → /jabatan-target  (PRD §6.5 Daftar Jabatan Target: TIDAK terdaftar; kenyataan: bisa baca)
LEBIH Viewer → /jabatan-target/1  (PRD §6.5 Editor: TIDAK terdaftar; kenyataan: bisa baca)
LEBIH Viewer → /jabatan-target/1/simulasi  (PRD §6.5 Simulasi & Diff: TIDAK terdaftar; kenyataan: bisa baca)
LEBIH Viewer → /jabatan-target/1/kandidat  (PRD §6.5 Kandidat: TIDAK terdaftar; kenyataan: bisa baca)
LEBIH Viewer → /master/unit  (PRD §6.4: TIDAK terdaftar; kenyataan: bisa baca)
LEBIH Viewer → /master/jabatan  (PRD §6.4: TIDAK terdaftar; kenyataan: bisa baca)
LEBIH Viewer → /talent-pool  (PRD §6.6: TIDAK terdaftar; kenyataan: bisa baca)
LEBIH Viewer → /nominasi  (PRD §6.6 antrian + timeline: TIDAK terdaftar; kenyataan: bisa baca)
LEBIH Viewer → /rencana-pengembangan  (PRD §6.6: TIDAK terdaftar; kenyataan: bisa baca)
LEBIH Viewer → /data/konsolidasi  (PRD §6.7: TIDAK terdaftar; kenyataan: bisa baca)
LEBIH Viewer → /data/pembersihan  (PRD §6.7: TIDAK terdaftar; kenyataan: bisa baca)
LEBIH Viewer → /data/kelengkapan  (PRD §6.7: TIDAK terdaftar; kenyataan: bisa baca)

Total selisih: 32 dari 115 kombinasi
