crawl 2026-08-03T09:03:37.966Z http://localhost:3000
superAdmin       3263ms  /
superAdmin       3269ms  /talenta
superAdmin       3348ms  /talenta/196912241998032005
superAdmin       3029ms  /peta-talenta
superAdmin       3134ms  /bandingkan
superAdmin       2850ms  /jabatan-target
superAdmin       2894ms  /jabatan-target/1
superAdmin       2942ms  /jabatan-target/1/kandidat
superAdmin       3053ms  /jabatan-target/1/simulasi
superAdmin       3033ms  /master/unit
superAdmin       3064ms  /master/jabatan
superAdmin       2865ms  /master/jabatan-kosong
superAdmin       2965ms  /data/kelengkapan
superAdmin       2812ms  /data/pembersihan
superAdmin       2863ms  /data/konsolidasi
superAdmin       2899ms  /master/hukuman-disiplin
superAdmin       2871ms  /talent-pool
superAdmin       2914ms  /nominasi
superAdmin       3304ms  /nominasi/1
superAdmin       2818ms  /nominasi/6
superAdmin       2840ms  /rencana-pengembangan
superAdmin       2824ms  /inbox
superAdmin       2923ms  /profil
superAdmin       2817ms  /admin/pengguna
superAdmin       2842ms  /admin/audit-log
superAdmin       2814ms  /admin/pengaturan
superAdmin       2713ms  /lupa-password
superAdmin       3106ms  /talenta?hal=999
superAdmin       3121ms  /talenta?hal=abc
superAdmin       3042ms  /talenta?hal=-5
superAdmin       3082ms  /talenta?hal=0
superAdmin       3061ms  /talenta?urut=;DROP
superAdmin       3063ms  /talenta?urut=nama&arah=xxx
superAdmin       3122ms  /talenta?unit=abc
superAdmin       3101ms  /talenta?unit=99999
superAdmin       3067ms  /talenta?kotak=99
superAdmin       3110ms  /talenta?kotak=abc
superAdmin       3112ms  /talenta?pendidikan=%00
superAdmin       3119ms  /talenta?cari=%25%25%25
superAdmin       3014ms  /talenta/000
superAdmin       3001ms  /talenta/bukan-nip
superAdmin       2869ms  /peta-talenta?kotak=abc&hal=xyz
superAdmin       2854ms  /peta-talenta?tahun=abcd
superAdmin       2891ms  /peta-talenta?unit=-1
superAdmin       2916ms  /bandingkan?nip=1,2,3,4,5,6,7
superAdmin       2834ms  /bandingkan?nip=abc
superAdmin       2886ms  /bandingkan?nip=196912241998032005
superAdmin       2823ms  /bandingkan?target=999
superAdmin       2918ms  /bandingkan?target=abc
superAdmin       2964ms  /jabatan-target/999
superAdmin       2986ms  /jabatan-target/abc
superAdmin       2884ms  /jabatan-target/1/kandidat?hal=999
superAdmin       2896ms  /jabatan-target/1/kandidat?urut=xxx
superAdmin       2986ms  /jabatan-target/1/kandidat?rincian=000
superAdmin       2891ms  /jabatan-target/999/simulasi
superAdmin       2876ms  /master/unit?hal=abc
superAdmin       2870ms  /master/jabatan?hal=999&urut=xxx
superAdmin       2853ms  /master/jabatan-kosong?ambang=abc
superAdmin       2804ms  /master/jabatan-kosong?ambang=99
superAdmin       2936ms  /data/kelengkapan?unit=abc
superAdmin       2782ms  /data/pembersihan?aturan=99
superAdmin       2775ms  /data/pembersihan?aturan=abc
superAdmin       2817ms  /talent-pool?target=999
superAdmin       2805ms  /talent-pool?target=abc
superAdmin       2865ms  /nominasi?status=NGAWUR
superAdmin       2815ms  /nominasi?hal=abc
superAdmin       2893ms  /nominasi/999
superAdmin       2844ms  /nominasi/abc
superAdmin       2776ms  /admin/pengguna?hal=abc&peran=999
superAdmin       2793ms  /admin/audit-log?hal=99999
superAdmin       2751ms  /admin/audit-log?aksi=NGAWUR&dari=bukan-tanggal&sampai=xx
superAdmin       2755ms  /rencana-pengembangan?status=NGAWUR
superAdmin       3519ms  /inbox?tab=ngawur
adminTalenta     3132ms  /
adminTalenta     3110ms  /talenta
adminTalenta     3197ms  /talenta/196912241998032005
adminTalenta     2948ms  /peta-talenta
adminTalenta     2927ms  /bandingkan
adminTalenta     2825ms  /jabatan-target
adminTalenta     2859ms  /jabatan-target/1
adminTalenta     2887ms  /jabatan-target/1/kandidat
adminTalenta     2902ms  /jabatan-target/1/simulasi
adminTalenta     2822ms  /master/unit
adminTalenta     2967ms  /master/jabatan
adminTalenta     2873ms  /master/jabatan-kosong
adminTalenta     2933ms  /data/kelengkapan
adminTalenta     2751ms  /data/pembersihan
adminTalenta     2819ms  /data/konsolidasi
adminTalenta     2842ms  /master/hukuman-disiplin
adminTalenta     2888ms  /talent-pool
adminTalenta     2823ms  /nominasi
adminTalenta     2809ms  /nominasi/1
adminTalenta     2900ms  /nominasi/6
adminTalenta     2798ms  /rencana-pengembangan
adminTalenta     2833ms  /inbox
adminTalenta     2800ms  /profil
adminTalenta     2747ms  /admin/pengguna
adminTalenta     2737ms  /admin/audit-log
adminTalenta     2733ms  /admin/pengaturan
adminTalenta     2668ms  /lupa-password
pengelolaUnit    3042ms  /
pengelolaUnit    3001ms  /talenta
pengelolaUnit    2981ms  /talenta/196912241998032005
pengelolaUnit    2844ms  /peta-talenta
pengelolaUnit    2826ms  /bandingkan
pengelolaUnit    2828ms  /jabatan-target
pengelolaUnit    2931ms  /jabatan-target/1
pengelolaUnit    2901ms  /jabatan-target/1/kandidat
pengelolaUnit    2964ms  /jabatan-target/1/simulasi
pengelolaUnit    2884ms  /master/unit
pengelolaUnit    2900ms  /master/jabatan
pengelolaUnit    2835ms  /master/jabatan-kosong
pengelolaUnit    2928ms  /data/kelengkapan
pengelolaUnit    2758ms  /data/pembersihan
pengelolaUnit    2854ms  /data/konsolidasi
pengelolaUnit    2715ms  /master/hukuman-disiplin
pengelolaUnit    2815ms  /talent-pool
pengelolaUnit    2758ms  /nominasi
pengelolaUnit    2797ms  /nominasi/1
pengelolaUnit    2852ms  /nominasi/6
pengelolaUnit    2767ms  /rencana-pengembangan
pengelolaUnit    2732ms  /inbox
pengelolaUnit    2762ms  /profil
pengelolaUnit    2838ms  /admin/pengguna
pengelolaUnit    2752ms  /admin/audit-log
pengelolaUnit    2736ms  /admin/pengaturan
pengelolaUnit    2654ms  /lupa-password
pimpinan         3110ms  /
pimpinan         3057ms  /talenta
pimpinan         3136ms  /talenta/196912241998032005
pimpinan         2874ms  /peta-talenta
pimpinan         2907ms  /bandingkan
pimpinan         2835ms  /jabatan-target
pimpinan         2899ms  /jabatan-target/1
pimpinan         2872ms  /jabatan-target/1/kandidat
pimpinan         2900ms  /jabatan-target/1/simulasi
pimpinan         2825ms  /master/unit
pimpinan         4359ms  /master/jabatan
pimpinan         2869ms  /master/jabatan-kosong
pimpinan         2984ms  /data/kelengkapan
pimpinan         2761ms  /data/pembersihan
pimpinan         2861ms  /data/konsolidasi
pimpinan         2788ms  /master/hukuman-disiplin
pimpinan         2907ms  /talent-pool
pimpinan         2869ms  /nominasi
pimpinan         2914ms  /nominasi/1
pimpinan         2807ms  /nominasi/6
pimpinan         2768ms  /rencana-pengembangan
pimpinan         2765ms  /inbox
pimpinan         2786ms  /profil
pimpinan         2728ms  /admin/pengguna
pimpinan         2767ms  /admin/audit-log
pimpinan         2759ms  /admin/pengaturan
pimpinan         2637ms  /lupa-password
viewer           3061ms  /
viewer           3061ms  /talenta
viewer           3192ms  /talenta/196912241998032005
viewer           2870ms  /peta-talenta
viewer           2859ms  /bandingkan
viewer           2938ms  /jabatan-target
viewer           2888ms  /jabatan-target/1
viewer           2950ms  /jabatan-target/1/kandidat
viewer           2857ms  /jabatan-target/1/simulasi
viewer           2930ms  /master/unit
viewer           3046ms  /master/jabatan
viewer           2856ms  /master/jabatan-kosong
viewer           2945ms  /data/kelengkapan
viewer           2757ms  /data/pembersihan
viewer           2834ms  /data/konsolidasi
viewer           2778ms  /master/hukuman-disiplin
viewer           2807ms  /talent-pool
viewer           2843ms  /nominasi
viewer           2773ms  /nominasi/1
viewer           2798ms  /nominasi/6
viewer           2930ms  /rencana-pengembangan
viewer           2864ms  /inbox
viewer           2763ms  /profil
viewer           2770ms  /admin/pengguna
viewer           2765ms  /admin/audit-log
viewer           2804ms  /admin/pengaturan
viewer           2673ms  /lupa-password

================ TEMUAN ================
Tidak ada temuan.

Total temuan: 0
